{
  "agents": 8,
  "seed": 2,
  "H1_overlap_violations": 0,
  "max_live_claims_seen": 7,
  "board_commits": 60,
  "tasks_by_status": {
    "open": 5,
    "done": 16
  },
  "H2_expired_claims": 4,
  "crashed_with_claim": 4,
  "H3_bad_landings": 1,
  "H3_ci_gate_failed": 1,
  "H3_reverted_ok": 1,
  "H3_revert_failed": 0,
  "H3_revert_skipped_base_red": 0,
  "H5_unexplained_main_commits": [],
  "lost_work_tasks": [],
  "take_ok": 21,
  "take_conflict": 32,
  "take_refused_holding": 0,
  "take_error": 0,
  "land_ok": 17,
  "land_failed": 0,
  "branch_push_ok": 14,
  "branch_push_refused": 0,
  "ci_gate_runs": 22,
  "latency_take_s": {
    "n": 53,
    "p50": 0.3,
    "p95": 1.98,
    "max": 8.66
  },
  "latency_done_s": {
    "n": 17,
    "p50": 0.61,
    "p95": 1.7,
    "max": 2.72
  },
  "latency_heartbeat_s": {
    "n": 21,
    "p50": 0.12,
    "p95": 0.14,
    "max": 0.71
  },
  "land_retries": {
    "n": 17,
    "p50": 0,
    "p95": 1,
    "max": 1
  },
  "main_commits": 28,
  "board_repo_size": [
    "size-pack: 0 bytes"
  ],
  "agent_crashed_unexpectedly": 0,
  "agent_finished": 4,
  "notable_events": [
    {
      "kind": "crash",
      "member": "agent01",
      "task": "d46770",
      "branch": "claim/d46770-agent01-task-1",
      "t": 1789470062.885
    },
    {
      "kind": "crash",
      "member": "agent00",
      "task": "f3195f",
      "branch": "claim/f3195f-agent00-task-1",
      "t": 1789470063.399
    },
    {
      "kind": "crash",
      "member": "agent07",
      "task": "a5b39b",
      "branch": "claim/a5b39b-agent07-task-3",
      "t": 1789470067.281
    },
    {
      "kind": "crash",
      "member": "agent06",
      "task": "f7a577",
      "branch": "claim/f7a577-agent06-task-10",
      "t": 1789470071.522
    },
    {
      "kind": "reverted",
      "sha": "e1c263ae6bf5f7257b846828e6f0ba65a83cf3e8",
      "ok": true,
      "task": "27d68f",
      "t": 1789470072.528
    },
    {
      "kind": "expired",
      "owner": "agent01",
      "reason": "no heartbeat for 0 minutes",
      "task": "d46770",
      "t": 1789470074.826
    },
    {
      "kind": "expired",
      "owner": "agent00",
      "reason": "no heartbeat for 0 minutes",
      "task": "f3195f",
      "t": 1789470074.826
    },
    {
      "kind": "expired",
      "owner": "agent07",
      "reason": "no heartbeat for 0 minutes",
      "task": "a5b39b",
      "t": 1789470082.083
    },
    {
      "kind": "expired",
      "owner": "agent06",
      "reason": "no heartbeat for 0 minutes",
      "task": "f7a577",
      "t": 1789470082.083
    }
  ],
  "timed_out": false,
  "elapsed_seconds": 28.9
}
