{
  "agents": 8,
  "seed": 2,
  "H1_overlap_violations": 0,
  "max_live_claims_seen": 8,
  "board_commits": 87,
  "tasks_by_status": {
    "done": 18,
    "open": 5
  },
  "H2_expired_claims": 7,
  "crashed_with_claim": 5,
  "H3_bad_landings": 0,
  "H3_ci_gate_failed": 0,
  "H3_reverted_ok": 0,
  "H3_revert_failed": 0,
  "H3_revert_skipped_base_red": 0,
  "H5_unexplained_main_commits": [],
  "lost_work_tasks": [],
  "take_ok": 23,
  "take_conflict": 27,
  "take_refused_holding": 0,
  "take_error": 0,
  "land_ok": 18,
  "land_failed": 0,
  "branch_push_ok": 27,
  "branch_push_refused": 0,
  "ci_gate_runs": 40,
  "latency_take_s": {
    "n": 50,
    "p50": 0.35,
    "p95": 5.35,
    "max": 15.63
  },
  "latency_done_s": {
    "n": 18,
    "p50": 0.61,
    "p95": 9.65,
    "max": 35.83
  },
  "latency_heartbeat_s": {
    "n": 32,
    "p50": 0.26,
    "p95": 1.38,
    "max": 4.48
  },
  "land_retries": {
    "n": 18,
    "p50": 0.0,
    "p95": 0,
    "max": 1
  },
  "main_commits": 42,
  "board_repo_size": [
    "size-pack: 0 bytes"
  ],
  "agent_crashed_unexpectedly": 0,
  "agent_finished": 3,
  "notable_events": [
    {
      "kind": "crash",
      "member": "agent02",
      "task": "487854",
      "branch": "claim/487854-agent02-task-1",
      "t": 1789469827.655
    },
    {
      "kind": "crash",
      "member": "agent01",
      "task": "df0904",
      "branch": "claim/df0904-agent01-task-4",
      "t": 1789469836.332
    },
    {
      "kind": "crash",
      "member": "agent05",
      "task": "a8bb38",
      "branch": "claim/a8bb38-agent05-task-11",
      "t": 1789469837.997
    },
    {
      "kind": "expired",
      "owner": "agent02",
      "reason": "no heartbeat for 0 minutes",
      "task": "487854",
      "t": 1789469839.34
    },
    {
      "kind": "expired",
      "owner": "agent07",
      "reason": "no heartbeat for 0 minutes",
      "task": "1e39b4",
      "t": 1789469844.674
    },
    {
      "kind": "expired",
      "owner": "agent06",
      "reason": "no heartbeat for 0 minutes",
      "task": "e0ea8d",
      "t": 1789469844.674
    },
    {
      "kind": "crash",
      "member": "agent00",
      "task": "8abd99",
      "branch": "claim/8abd99-agent00-task-5",
      "t": 1789469845.038
    },
    {
      "kind": "crash",
      "member": "agent03",
      "task": "7c516a",
      "branch": "claim/7c516a-agent03-task-12",
      "t": 1789469847.566
    },
    {
      "kind": "expired",
      "owner": "agent05",
      "reason": "no heartbeat for 0 minutes",
      "task": "a8bb38",
      "t": 1789469851.422
    },
    {
      "kind": "expired",
      "owner": "agent01",
      "reason": "no heartbeat for 0 minutes",
      "task": "df0904",
      "t": 1789469851.422
    },
    {
      "kind": "expired",
      "owner": "agent03",
      "reason": "no heartbeat for 0 minutes",
      "task": "7c516a",
      "t": 1789469858.103
    },
    {
      "kind": "expired",
      "owner": "agent00",
      "reason": "no heartbeat for 0 minutes",
      "task": "8abd99",
      "t": 1789469858.103
    }
  ],
  "timed_out": false,
  "elapsed_seconds": 54.3
}
